MPLINK 4.40, Linker
Linker Map File - Created Fri May 03 10:51:29 2019

                                 Section Info
                  Section       Type    Address   Location Size(Bytes)
                ---------  ---------  ---------  ---------  ---------
                   .org_0       code   0x000000    program   0x000000
                   .org_1       code   0x000000    program   0x000002
                   .org_2       code   0x000004    program   0x000002
                   .org_3       code   0x000005    program   0x0000d4
     .config_2007_COCHE.O       code   0x002007    program   0x000002



                              Program Memory Usage 
                               Start         End      
                           ---------   ---------      
                            0x000000    0x000000      
                            0x000004    0x00006e      
                            0x002007    0x002007      
            109 out of 8454 program addresses used, program memory utilization is 1%



                              Symbols - Sorted by Name
                     Name    Address   Location    Storage File                     
                ---------  ---------  ---------  --------- ---------                
                      ISR   0x00002e    program     static F:\Universidad\Microprocesadores\PICaRC\Coche.asm
                 adelante   0x000063    program     static F:\Universidad\Microprocesadores\PICaRC\Coche.asm
                    atras   0x000069    program     static F:\Universidad\Microprocesadores\PICaRC\Coche.asm
             gira_derecha   0x00006c    program     static F:\Universidad\Microprocesadores\PICaRC\Coche.asm
           gira_izquierda   0x000066    program     static F:\Universidad\Microprocesadores\PICaRC\Coche.asm
                   inicio   0x000005    program     static F:\Universidad\Microprocesadores\PICaRC\Coche.asm
                isr_mover   0x000033    program     static F:\Universidad\Microprocesadores\PICaRC\Coche.asm
            isr_velocidad   0x00004a    program     static F:\Universidad\Microprocesadores\PICaRC\Coche.asm
                     main   0x00002d    program     static F:\Universidad\Microprocesadores\PICaRC\Coche.asm
                    parar   0x000060    program     static F:\Universidad\Microprocesadores\PICaRC\Coche.asm
             segundo_paso   0x000053    program     static F:\Universidad\Microprocesadores\PICaRC\Coche.asm
                    t_off   0x00005d    program     static F:\Universidad\Microprocesadores\PICaRC\Coche.asm
                     t_on   0x00005a    program     static F:\Universidad\Microprocesadores\PICaRC\Coche.asm



                              Symbols - Sorted by Address
                     Name    Address   Location    Storage File                     
                ---------  ---------  ---------  --------- ---------                
                   inicio   0x000005    program     static F:\Universidad\Microprocesadores\PICaRC\Coche.asm
                     main   0x00002d    program     static F:\Universidad\Microprocesadores\PICaRC\Coche.asm
                      ISR   0x00002e    program     static F:\Universidad\Microprocesadores\PICaRC\Coche.asm
                isr_mover   0x000033    program     static F:\Universidad\Microprocesadores\PICaRC\Coche.asm
            isr_velocidad   0x00004a    program     static F:\Universidad\Microprocesadores\PICaRC\Coche.asm
             segundo_paso   0x000053    program     static F:\Universidad\Microprocesadores\PICaRC\Coche.asm
                     t_on   0x00005a    program     static F:\Universidad\Microprocesadores\PICaRC\Coche.asm
                    t_off   0x00005d    program     static F:\Universidad\Microprocesadores\PICaRC\Coche.asm
                    parar   0x000060    program     static F:\Universidad\Microprocesadores\PICaRC\Coche.asm
                 adelante   0x000063    program     static F:\Universidad\Microprocesadores\PICaRC\Coche.asm
           gira_izquierda   0x000066    program     static F:\Universidad\Microprocesadores\PICaRC\Coche.asm
                    atras   0x000069    program     static F:\Universidad\Microprocesadores\PICaRC\Coche.asm
             gira_derecha   0x00006c    program     static F:\Universidad\Microprocesadores\PICaRC\Coche.asm


