MPLINK 4.40, Linker
Linker Map File - Created Sat Apr 27 11:59:43 2019

                                 Section Info
                  Section       Type    Address   Location Size(Bytes)
                ---------  ---------  ---------  ---------  ---------
                   .org_0       code   0x000000    program   0x000000
                   .org_1       code   0x000000    program   0x000002
                   .org_2       code   0x000005    program   0x000012



                              Program Memory Usage 
                               Start         End      
                           ---------   ---------      
                            0x000000    0x000000      
                            0x000005    0x00000d      
            10 out of 8454 program addresses used, program memory utilization is 0%



                              Symbols - Sorted by Name
                     Name    Address   Location    Storage File                     
                ---------  ---------  ---------  --------- ---------                
                    bucle   0x00000b    program     static D:\Universidad\2º GIT\Microprocesadores\Practica1\ciclo_125u.asm
            bucle_retardo   0x000009    program     static D:\Universidad\2º GIT\Microprocesadores\Practica1\ciclo_125u.asm
                   inicio   0x000005    program     static D:\Universidad\2º GIT\Microprocesadores\Practica1\ciclo_125u.asm
                  retardo   0x000006    program     static D:\Universidad\2º GIT\Microprocesadores\Practica1\ciclo_125u.asm



                              Symbols - Sorted by Address
                     Name    Address   Location    Storage File                     
                ---------  ---------  ---------  --------- ---------                
                   inicio   0x000005    program     static D:\Universidad\2º GIT\Microprocesadores\Practica1\ciclo_125u.asm
                  retardo   0x000006    program     static D:\Universidad\2º GIT\Microprocesadores\Practica1\ciclo_125u.asm
            bucle_retardo   0x000009    program     static D:\Universidad\2º GIT\Microprocesadores\Practica1\ciclo_125u.asm
                    bucle   0x00000b    program     static D:\Universidad\2º GIT\Microprocesadores\Practica1\ciclo_125u.asm


