MPLINK 4.40, Linker
Linker Map File - Created Sat Apr 27 12:15:33 2019

                                 Section Info
                  Section       Type    Address   Location Size(Bytes)
                ---------  ---------  ---------  ---------  ---------
                   .org_0       code   0x000000    program   0x000000
                   .org_1       code   0x000000    program   0x000002
                   .org_2       code   0x000005    program   0x000028
.config_2007_CRONOMETRO.O       code   0x002007    program   0x000002



                              Program Memory Usage 
                               Start         End      
                           ---------   ---------      
                            0x000000    0x000000      
                            0x000005    0x000018      
                            0x002007    0x002007      
            22 out of 8454 program addresses used, program memory utilization is 0%



                              Symbols - Sorted by Name
                     Name    Address   Location    Storage File                     
                ---------  ---------  ---------  --------- ---------                
                        .   0x000013    program     static D:\Universidad\2º GIT\Microprocesadores\Practica1\cronometro.asm
            bucle_retardo   0x00000f    program     static D:\Universidad\2º GIT\Microprocesadores\Practica1\cronometro.asm
                   ciclo1   0x000013    program     static D:\Universidad\2º GIT\Microprocesadores\Practica1\cronometro.asm
                   ciclo2   0x000011    program     static D:\Universidad\2º GIT\Microprocesadores\Practica1\cronometro.asm
                 dec_cent   0x000007    program     static D:\Universidad\2º GIT\Microprocesadores\Practica1\cronometro.asm
                   inicio   0x000005    program     static D:\Universidad\2º GIT\Microprocesadores\Practica1\cronometro.asm
                     main   0x000009    program     static D:\Universidad\2º GIT\Microprocesadores\Practica1\cronometro.asm



                              Symbols - Sorted by Address
                     Name    Address   Location    Storage File                     
                ---------  ---------  ---------  --------- ---------                
                   inicio   0x000005    program     static D:\Universidad\2º GIT\Microprocesadores\Practica1\cronometro.asm
                 dec_cent   0x000007    program     static D:\Universidad\2º GIT\Microprocesadores\Practica1\cronometro.asm
                     main   0x000009    program     static D:\Universidad\2º GIT\Microprocesadores\Practica1\cronometro.asm
            bucle_retardo   0x00000f    program     static D:\Universidad\2º GIT\Microprocesadores\Practica1\cronometro.asm
                   ciclo2   0x000011    program     static D:\Universidad\2º GIT\Microprocesadores\Practica1\cronometro.asm
                        .   0x000013    program     static D:\Universidad\2º GIT\Microprocesadores\Practica1\cronometro.asm
                   ciclo1   0x000013    program     static D:\Universidad\2º GIT\Microprocesadores\Practica1\cronometro.asm


