D:\GIT\Universidad\Pracs_Hardware\Practica3\Lab2\implementation\system.ngc 1607621767
D:/GIT/Universidad/Pracs_Hardware/Practica3/Lab2/implementation/system_microblaze_0_wrapper.ngc 1607621437
D:/GIT/Universidad/Pracs_Hardware/Practica3/Lab2/implementation/system_mb_plb_wrapper.ngc 1607621461
D:/GIT/Universidad/Pracs_Hardware/Practica3/Lab2/implementation/system_ilmb_wrapper.ngc 1607621437
D:/GIT/Universidad/Pracs_Hardware/Practica3/Lab2/implementation/system_dlmb_wrapper.ngc 1607621437
D:/GIT/Universidad/Pracs_Hardware/Practica3/Lab2/implementation/system_dlmb_cntlr_wrapper.ngc 1607621437
D:/GIT/Universidad/Pracs_Hardware/Practica3/Lab2/implementation/system_ilmb_cntlr_wrapper.ngc 1607621437
D:/GIT/Universidad/Pracs_Hardware/Practica3/Lab2/implementation/system_lmb_bram_wrapper.ngc 1607621437
D:/GIT/Universidad/Pracs_Hardware/Practica3/Lab2/implementation/system_rs232_dce_wrapper.ngc 1607621437
D:/GIT/Universidad/Pracs_Hardware/Practica3/Lab2/implementation/system_leds_8bit_wrapper.ngc 1607621475
D:/GIT/Universidad/Pracs_Hardware/Practica3/Lab2/implementation/system_ddr_sdram_wrapper.ngc 1607621437
D:/GIT/Universidad/Pracs_Hardware/Practica3/Lab2/implementation/system_clock_generator_0_wrapper.ngc 1607621520
D:/GIT/Universidad/Pracs_Hardware/Practica3/Lab2/implementation/system_mdm_0_wrapper.ngc 1607621437
D:/GIT/Universidad/Pracs_Hardware/Practica3/Lab2/implementation/system_proc_sys_reset_0_wrapper.ngc 1607621437
D:/GIT/Universidad/Pracs_Hardware/Practica3/Lab2/implementation/system_dip_wrapper.ngc 1607621497
D:/GIT/Universidad/Pracs_Hardware/Practica3/Lab2/implementation/system_push_wrapper.ngc 1607621515
OK
