C:\Lab3_DIAGARN\implementation\system.ngc 1608228854
C:/Lab3_DIAGARN/implementation/system_microblaze_0_wrapper.ngc 1608228674
C:/Lab3_DIAGARN/implementation/system_mb_plb_wrapper.ngc 1608228674
C:/Lab3_DIAGARN/implementation/system_ilmb_wrapper.ngc 1608228674
C:/Lab3_DIAGARN/implementation/system_dlmb_wrapper.ngc 1608228674
C:/Lab3_DIAGARN/implementation/system_dlmb_cntlr_wrapper.ngc 1608228674
C:/Lab3_DIAGARN/implementation/system_ilmb_cntlr_wrapper.ngc 1608228674
C:/Lab3_DIAGARN/implementation/system_lmb_bram_wrapper.ngc 1608228674
C:/Lab3_DIAGARN/implementation/system_rs232_dce_wrapper.ngc 1608228674
C:/Lab3_DIAGARN/implementation/system_leds_8bit_wrapper.ngc 1608228674
C:/Lab3_DIAGARN/implementation/system_ddr_sdram_wrapper.ngc 1608228674
C:/Lab3_DIAGARN/implementation/system_clock_generator_0_wrapper.ngc 1608228695
C:/Lab3_DIAGARN/implementation/system_mdm_0_wrapper.ngc 1608228674
C:/Lab3_DIAGARN/implementation/system_proc_sys_reset_0_wrapper.ngc 1608228674
C:/Lab3_DIAGARN/implementation/system_dip_wrapper.ngc 1608228674
C:/Lab3_DIAGARN/implementation/system_push_wrapper.ngc 1608228674
C:/Lab3_DIAGARN/implementation/system_lcd_ip_j09_wrapper.ngc 1608228692
OK
