EN mult_sec NULL D:/GIT/Universidad/Pracs_Hardware/Practica1_Profesor/mult_sec.vhd sub00/vhpl00 1602259042
EN mult_sec_mod NULL D:/GIT/Universidad/Pracs_Hardware/Practica1_Profesor/mult_sec_mod.vhd sub00/vhpl02 1602260043
AR mult_sec behavioral D:/GIT/Universidad/Pracs_Hardware/Practica1_Profesor/mult_sec.vhd sub00/vhpl01 1602259043
AR mult_sec_mod behavioral D:/GIT/Universidad/Pracs_Hardware/Practica1_Profesor/mult_sec_mod.vhd sub00/vhpl03 1602260044
