MPLINK 4.40, Linker
Linker Map File - Created Sat Apr 27 14:37:35 2019

                                 Section Info
                  Section       Type    Address   Location Size(Bytes)
                ---------  ---------  ---------  ---------  ---------
                   .org_0       code   0x000000    program   0x000000
                   .org_1       code   0x000000    program   0x000002
                   .org_2       code   0x000004    program   0x000002
                   .org_3       code   0x000005    program   0x000074
        .config_2007_E3.O       code   0x002007    program   0x000002



                              Program Memory Usage 
                               Start         End      
                           ---------   ---------      
                            0x000000    0x000000      
                            0x000004    0x00003e      
                            0x002007    0x002007      
            61 out of 8454 program addresses used, program memory utilization is 0%



                              Symbols - Sorted by Name
                     Name    Address   Location    Storage File                     
                ---------  ---------  ---------  --------- ---------                
               ActualizaN   0x000031    program     static D:\Universidad\2º GIT\Microprocesadores\Practica3\E3.asm
                Cambio_PT   0x00003c    program     static D:\Universidad\2º GIT\Microprocesadores\Practica3\E3.asm
                      ISR   0x00001f    program     static D:\Universidad\2º GIT\Microprocesadores\Practica3\E3.asm
              comprueba_N   0x00003a    program     static D:\Universidad\2º GIT\Microprocesadores\Practica3\E3.asm
                   inicio   0x000005    program     static D:\Universidad\2º GIT\Microprocesadores\Practica3\E3.asm
                     main   0x00001e    program     static D:\Universidad\2º GIT\Microprocesadores\Practica3\E3.asm



                              Symbols - Sorted by Address
                     Name    Address   Location    Storage File                     
                ---------  ---------  ---------  --------- ---------                
                   inicio   0x000005    program     static D:\Universidad\2º GIT\Microprocesadores\Practica3\E3.asm
                     main   0x00001e    program     static D:\Universidad\2º GIT\Microprocesadores\Practica3\E3.asm
                      ISR   0x00001f    program     static D:\Universidad\2º GIT\Microprocesadores\Practica3\E3.asm
               ActualizaN   0x000031    program     static D:\Universidad\2º GIT\Microprocesadores\Practica3\E3.asm
              comprueba_N   0x00003a    program     static D:\Universidad\2º GIT\Microprocesadores\Practica3\E3.asm
                Cambio_PT   0x00003c    program     static D:\Universidad\2º GIT\Microprocesadores\Practica3\E3.asm


