MPLINK 4.40, Linker
Linker Map File - Created Sat Apr 27 15:06:29 2019

                                 Section Info
                  Section       Type    Address   Location Size(Bytes)
                ---------  ---------  ---------  ---------  ---------
                   .org_0       code   0x000000    program   0x000000
                   .org_1       code   0x000000    program   0x000002
                   .org_2       code   0x000004    program   0x000002
                   .org_3       code   0x000005    program   0x00005e
        .config_2007_E5.O       code   0x002007    program   0x000002



                              Program Memory Usage 
                               Start         End      
                           ---------   ---------      
                            0x000000    0x000000      
                            0x000004    0x000033      
                            0x002007    0x002007      
            50 out of 8454 program addresses used, program memory utilization is 0%



                              Symbols - Sorted by Name
                     Name    Address   Location    Storage File                     
                ---------  ---------  ---------  --------- ---------                
                      ISR   0x000011    program     static D:\Universidad\2º GIT\Microprocesadores\Practica3\E5.asm
            bucle_retardo   0x000028    program     static D:\Universidad\2º GIT\Microprocesadores\Practica3\E5.asm
                  centesi   0x00002a    program     static D:\Universidad\2º GIT\Microprocesadores\Practica3\E5.asm
                   inicio   0x000005    program     static D:\Universidad\2º GIT\Microprocesadores\Practica3\E5.asm
                     main   0x000010    program     static D:\Universidad\2º GIT\Microprocesadores\Practica3\E5.asm
                  reseteo   0x000025    program     static D:\Universidad\2º GIT\Microprocesadores\Practica3\E5.asm
                   restar   0x000022    program     static D:\Universidad\2º GIT\Microprocesadores\Practica3\E5.asm
                  retardo   0x00002c    program     static D:\Universidad\2º GIT\Microprocesadores\Practica3\E5.asm
                    sumar   0x00001f    program     static D:\Universidad\2º GIT\Microprocesadores\Practica3\E5.asm



                              Symbols - Sorted by Address
                     Name    Address   Location    Storage File                     
                ---------  ---------  ---------  --------- ---------                
                   inicio   0x000005    program     static D:\Universidad\2º GIT\Microprocesadores\Practica3\E5.asm
                     main   0x000010    program     static D:\Universidad\2º GIT\Microprocesadores\Practica3\E5.asm
                      ISR   0x000011    program     static D:\Universidad\2º GIT\Microprocesadores\Practica3\E5.asm
                    sumar   0x00001f    program     static D:\Universidad\2º GIT\Microprocesadores\Practica3\E5.asm
                   restar   0x000022    program     static D:\Universidad\2º GIT\Microprocesadores\Practica3\E5.asm
                  reseteo   0x000025    program     static D:\Universidad\2º GIT\Microprocesadores\Practica3\E5.asm
            bucle_retardo   0x000028    program     static D:\Universidad\2º GIT\Microprocesadores\Practica3\E5.asm
                  centesi   0x00002a    program     static D:\Universidad\2º GIT\Microprocesadores\Practica3\E5.asm
                  retardo   0x00002c    program     static D:\Universidad\2º GIT\Microprocesadores\Practica3\E5.asm


