MPLINK 4.40, Linker
Linker Map File - Created Sat Apr 27 16:19:36 2019

                                 Section Info
                  Section       Type    Address   Location Size(Bytes)
                ---------  ---------  ---------  ---------  ---------
                   .org_0       code   0x000000    program   0x000000
                   .org_1       code   0x000000    program   0x000002
                   .org_2       code   0x000004    program   0x000002
                   .org_3       code   0x000005    program   0x000144
        .config_2007_E6.O       code   0x002007    program   0x000002



                              Program Memory Usage 
                               Start         End      
                           ---------   ---------      
                            0x000000    0x000000      
                            0x000004    0x0000a6      
                            0x002007    0x002007      
            165 out of 8454 program addresses used, program memory utilization is 1%



                              Symbols - Sorted by Name
                     Name    Address   Location    Storage File                     
                ---------  ---------  ---------  --------- ---------                
                      ISR   0x000030    program     static D:\Universidad\2º GIT\Microprocesadores\Practica3\E6.asm
                  ISR_RB0   0x000091    program     static D:\Universidad\2º GIT\Microprocesadores\Practica3\E6.asm
                  ISR_RB5   0x00003f    program     static D:\Universidad\2º GIT\Microprocesadores\Practica3\E6.asm
                  ISR_RB6   0x00004b    program     static D:\Universidad\2º GIT\Microprocesadores\Practica3\E6.asm
                  ISR_RB7   0x000057    program     static D:\Universidad\2º GIT\Microprocesadores\Practica3\E6.asm
                 ISR_RBIF   0x000034    program     static D:\Universidad\2º GIT\Microprocesadores\Practica3\E6.asm
                 ISR_TMR0   0x000068    program     static D:\Universidad\2º GIT\Microprocesadores\Practica3\E6.asm
                      OFF   0x000062    program     static D:\Universidad\2º GIT\Microprocesadores\Practica3\E6.asm
                       ON   0x00005c    program     static D:\Universidad\2º GIT\Microprocesadores\Practica3\E6.asm
                    RB0_0   0x000094    program     static D:\Universidad\2º GIT\Microprocesadores\Practica3\E6.asm
                    RB0_1   0x000099    program     static D:\Universidad\2º GIT\Microprocesadores\Practica3\E6.asm
                  bucle_O   0x0000a0    program     static D:\Universidad\2º GIT\Microprocesadores\Practica3\E6.asm
            bucle_retardo   0x00009e    program     static D:\Universidad\2º GIT\Microprocesadores\Practica3\E6.asm
            decrementar_N   0x00006c    program     static D:\Universidad\2º GIT\Microprocesadores\Practica3\E6.asm
            decrementar_O   0x0000a2    program     static D:\Universidad\2º GIT\Microprocesadores\Practica3\E6.asm
             decremento_N   0x000041    program     static D:\Universidad\2º GIT\Microprocesadores\Practica3\E6.asm
             incremento_N   0x00004d    program     static D:\Universidad\2º GIT\Microprocesadores\Practica3\E6.asm
                iniciar_N   0x00008a    program     static D:\Universidad\2º GIT\Microprocesadores\Practica3\E6.asm
                   inicio   0x000005    program     static D:\Universidad\2º GIT\Microprocesadores\Practica3\E6.asm
                     main   0x00002f    program     static D:\Universidad\2º GIT\Microprocesadores\Practica3\E6.asm
           reiniciar_paso   0x000087    program     static D:\Universidad\2º GIT\Microprocesadores\Practica3\E6.asm
            seq_invertida   0x00007b    program     static D:\Universidad\2º GIT\Microprocesadores\Practica3\E6.asm
               seq_normal   0x000070    program     static D:\Universidad\2º GIT\Microprocesadores\Practica3\E6.asm



                              Symbols - Sorted by Address
                     Name    Address   Location    Storage File                     
                ---------  ---------  ---------  --------- ---------                
                   inicio   0x000005    program     static D:\Universidad\2º GIT\Microprocesadores\Practica3\E6.asm
                     main   0x00002f    program     static D:\Universidad\2º GIT\Microprocesadores\Practica3\E6.asm
                      ISR   0x000030    program     static D:\Universidad\2º GIT\Microprocesadores\Practica3\E6.asm
                 ISR_RBIF   0x000034    program     static D:\Universidad\2º GIT\Microprocesadores\Practica3\E6.asm
                  ISR_RB5   0x00003f    program     static D:\Universidad\2º GIT\Microprocesadores\Practica3\E6.asm
             decremento_N   0x000041    program     static D:\Universidad\2º GIT\Microprocesadores\Practica3\E6.asm
                  ISR_RB6   0x00004b    program     static D:\Universidad\2º GIT\Microprocesadores\Practica3\E6.asm
             incremento_N   0x00004d    program     static D:\Universidad\2º GIT\Microprocesadores\Practica3\E6.asm
                  ISR_RB7   0x000057    program     static D:\Universidad\2º GIT\Microprocesadores\Practica3\E6.asm
                       ON   0x00005c    program     static D:\Universidad\2º GIT\Microprocesadores\Practica3\E6.asm
                      OFF   0x000062    program     static D:\Universidad\2º GIT\Microprocesadores\Practica3\E6.asm
                 ISR_TMR0   0x000068    program     static D:\Universidad\2º GIT\Microprocesadores\Practica3\E6.asm
            decrementar_N   0x00006c    program     static D:\Universidad\2º GIT\Microprocesadores\Practica3\E6.asm
               seq_normal   0x000070    program     static D:\Universidad\2º GIT\Microprocesadores\Practica3\E6.asm
            seq_invertida   0x00007b    program     static D:\Universidad\2º GIT\Microprocesadores\Practica3\E6.asm
           reiniciar_paso   0x000087    program     static D:\Universidad\2º GIT\Microprocesadores\Practica3\E6.asm
                iniciar_N   0x00008a    program     static D:\Universidad\2º GIT\Microprocesadores\Practica3\E6.asm
                  ISR_RB0   0x000091    program     static D:\Universidad\2º GIT\Microprocesadores\Practica3\E6.asm
                    RB0_0   0x000094    program     static D:\Universidad\2º GIT\Microprocesadores\Practica3\E6.asm
                    RB0_1   0x000099    program     static D:\Universidad\2º GIT\Microprocesadores\Practica3\E6.asm
            bucle_retardo   0x00009e    program     static D:\Universidad\2º GIT\Microprocesadores\Practica3\E6.asm
                  bucle_O   0x0000a0    program     static D:\Universidad\2º GIT\Microprocesadores\Practica3\E6.asm
            decrementar_O   0x0000a2    program     static D:\Universidad\2º GIT\Microprocesadores\Practica3\E6.asm


