MPASM  5.42                            E1.ASM   4-27-2019  16:41:35         PAGE  1


LOC  OBJECT CODE     LINE SOURCE TEXT
  VALUE

                      00001 ;-------------------------------------------------------
                      00002                 LIST p=16F876A
                      00003                 INCLUDE "p16f876a.inc"
                      00001         LIST
                      00002 
                      00003 ;==========================================================================
                      00004 ;  MPASM PIC16F876A processor include
                      00005 ; 
                      00006 ;  (c) Copyright 1999-2011 Microchip Technology, All rights reserved
                      00007 ;==========================================================================
                      00008 
                      00513         LIST
2007   3F79           00004                 __CONFIG _XT_OSC & _WDT_OFF & _LVP_OFF
                      00005 ;-------------------------------------------------------
  00000020            00006 N               EQU             0x20
                      00007 ;-------------------------------------------------------
0000                  00008                         ORG 0
0000   2805           00009                         goto inicio
                      00010         
0004                  00011                         ORG 4
0004   281D           00012                         goto ISR
0005                  00013                         ORG 5
                      00014 ;-------------------------------------------------------
                      00015 
0005                  00016 inicio
                      00017 
0005   178B           00018                         BSF             INTCON, GIE ; Habilitamos el BIT de interrupciones - PAGINA 20 d
                            el manual resumido
0006   168B           00019                         BSF             INTCON, T0IE ; Habilitamos el BIT de overflow de TMR0 - PAGINA 2
                            0 del manual resumido
                      00020                  
0007   1683           00021                         BSF     STATUS,RP0 ; Cambiamos al banco 1
                      00022 
Message[302]: Register in operand not in bank 0.  Ensure that bank bits are correct.
0008   1281           00023                         BCF             OPTION_REG, T0CS ; Ponemos el BIT T0CS a 0 para indicar que usam
                            os el reloj interno
                      00024 
                      00025 ;##### Configuramos el preescaler asignado al Timer0 (1:256)####
Message[302]: Register in operand not in bank 0.  Ensure that bank bits are correct.
0009   1181           00026                         BCF             OPTION_REG, PSA
Message[302]: Register in operand not in bank 0.  Ensure that bank bits are correct.
000A   1401           00027                         BSF             OPTION_REG, PS0
Message[302]: Register in operand not in bank 0.  Ensure that bank bits are correct.
000B   1481           00028                         BSF             OPTION_REG, PS1
Message[302]: Register in operand not in bank 0.  Ensure that bank bits are correct.
000C   1501           00029                         BSF             OPTION_REG, PS2
                      00030 ;###############################################################
                      00031 
Message[302]: Register in operand not in bank 0.  Ensure that bank bits are correct.
000D   0186           00032                         CLRF    TRISB ; Ponemos PORTB como salida
                      00033         
000E   30FF           00034                         MOVLW   b'11111111'
Message[302]: Register in operand not in bank 0.  Ensure that bank bits are correct.
MPASM  5.42                            E1.ASM   4-27-2019  16:41:35         PAGE  2


LOC  OBJECT CODE     LINE SOURCE TEXT
  VALUE

000F   0087           00035                         MOVWF   TRISC ; Ponemos PORTC como entrada
Message[302]: Register in operand not in bank 0.  Ensure that bank bits are correct.
0010   0085           00036                         MOVWF   TRISA ; Ponemos PORTA como entrada
                      00037 
                      00038 ;##### Configuramos las entradas de PORTA como analógicas ####  
Message[302]: Register in operand not in bank 0.  Ensure that bank bits are correct.
0011   139F           00039                         BCF             ADCON1, ADFM ; Alineamos a la izquierda
Message[302]: Register in operand not in bank 0.  Ensure that bank bits are correct.
0012   101F           00040                         BCF             ADCON1, PCFG0
Message[302]: Register in operand not in bank 0.  Ensure that bank bits are correct.
0013   109F           00041                         BCF             ADCON1, PCFG1
Message[302]: Register in operand not in bank 0.  Ensure that bank bits are correct.
0014   111F           00042                         BCF             ADCON1, PCFG2
Message[302]: Register in operand not in bank 0.  Ensure that bank bits are correct.
0015   119F           00043                         BCF             ADCON1, PCFG3
                      00044 ;#############################################################
                      00045         
0016   1283           00046                         BCF             STATUS,RP0 ; Cambiamos al banco 0
                      00047         
0017   141F           00048                         BSF             ADCON0, ADON ; Habilitamos la conversión A/D
                      00049         
0018   303D           00050                         MOVLW   .61
0019   0081           00051                         MOVWF   TMR0 ; Ponemos TMR0 a 61
                      00052         
001A   3002           00053                         MOVLW   .2
001B   00A0           00054                         MOVWF   N ; Ponemos N a 2
                      00055 
001C                  00056 main
001C   281C           00057         goto main
                      00058 
                      00059 ;-------------------------------------------------------
001D                  00060 ISR
001D   303D           00061                         MOVLW   .61
001E   0081           00062                         MOVWF   TMR0 ; Ponemos TMR0 a 61
001F   110B           00063                         BCF     INTCON, T0IF ; ;Ponemos a 0 el FLAG de interrupcion de T0IE
                      00064         
0020   0BA0           00065                         DECFSZ  N,1 ; Decrementamos N en 1 si es 0, saltamos RETFIE
Warning[203]: Found opcode in column 1. (RETFIE)
0021   0009           00066 RETFIE          
0022   3002           00067                         MOVLW   .2 
0023   00A0           00068                         MOVWF   N ; Ponemos N a 2
0024   1C87           00069                         BTFSS   PORTC,RC1 ; Si RC1 es 1 saltamos la siguiente instrucción
0025   2827           00070                         goto    convertir_AN2
0026   2830           00071                         goto    convertir_AN0
                      00072 
                      00073 
0027                  00074 convertir_AN2
                      00075 ;##### Seleccionamos el canal 2 ####
0027   129F           00076                         BCF             ADCON0,CHS2
0028   161F           00077                         BSF             ADCON0,CHS1
0029   119F           00078                         BCF             ADCON0,CHS0
                      00079 ;###################################
                      00080         
MPASM  5.42                            E1.ASM   4-27-2019  16:41:35         PAGE  3


LOC  OBJECT CODE     LINE SOURCE TEXT
  VALUE

002A   151F           00081                         BSF             ADCON0,GO ; Ponemos el BIT GO a 1 para comenzar la conversión
                      00082 
Warning[207]: Found label after column 1. (es1_0)
002B                  00083         es1_0
002B   191F           00084                         BTFSC   ADCON0,GO  ; Comprobamos si el BIT GO se ha puesto a 0, ya que automatic
                            amente cambia al finalizar la conversión
002C   282B           00085         goto es1_0
                      00086 
002D   081E           00087                         MOVF    ADRESH,0 ; Movemos los 8 bits más significativos de la convesión a WREG
002E   0086           00088                         MOVWF   PORTB ; Copiamos WREG en PORTB
                      00089         
Warning[203]: Found opcode in column 1. (RETFIE)
002F   0009           00090 RETFIE
                      00091 
0030                  00092 convertir_AN0
                      00093 ;##### Seleccionamos el canal 0 ####
0030   129F           00094                         BCF             ADCON0,CHS2
0031   121F           00095                         BCF             ADCON0,CHS1
0032   119F           00096                         BCF             ADCON0,CHS0
                      00097 ;###################################
                      00098         
0033   151F           00099                         BSF             ADCON0,GO ; Ponemos el BIT GO a 1 para comenzar la conversión
                      00100 
Warning[207]: Found label after column 1. (es1_1)
0034                  00101         es1_1
0034   191F           00102                         BTFSC   ADCON0,GO  ; Comprobamos si el BIT GO se ha puesto a 0, ya que automatic
                            amente cambia al finalizar la conversión
0035   2834           00103         goto es1_1
                      00104 
0036   081E           00105                         MOVF    ADRESH,0  ; Movemos los 8 bits más significativos de la convesión a WREG
0037   0086           00106                         MOVWF   PORTB  ; Copiamos WREG en PORTB
                      00107 
Warning[203]: Found opcode in column 1. (RETFIE)
0038   0009           00108 RETFIE
                      00109 ;-------------------------------------------------------
                      00110 
Warning[205]: Found directive in column 1. (END)
                      00111 END
MPASM  5.42                            E1.ASM   4-27-2019  16:41:35         PAGE  4


SYMBOL TABLE
  LABEL                             VALUE 

ACKDT                             00000005
ACKEN                             00000004
ACKSTAT                           00000006
ADCON0                            0000001F
ADCON1                            0000009F
ADCS0                             00000006
ADCS1                             00000007
ADCS2                             00000006
ADDEN                             00000003
ADFM                              00000007
ADIE                              00000006
ADIF                              00000006
ADON                              00000000
ADRESH                            0000001E
ADRESL                            0000009E
BCLIE                             00000003
BCLIF                             00000003
BF                                00000000
BRGH                              00000002
C                                 00000000
C1INV                             00000004
C1OUT                             00000006
C2INV                             00000005
C2OUT                             00000007
CCP1CON                           00000017
CCP1IE                            00000002
CCP1IF                            00000002
CCP1M0                            00000000
CCP1M1                            00000001
CCP1M2                            00000002
CCP1M3                            00000003
CCP1X                             00000005
CCP1Y                             00000004
CCP2CON                           0000001D
CCP2IE                            00000000
CCP2IF                            00000000
CCP2M0                            00000000
CCP2M1                            00000001
CCP2M2                            00000002
CCP2M3                            00000003
CCP2X                             00000005
CCP2Y                             00000004
CCPR1                             00000015
CCPR1H                            00000016
CCPR1L                            00000015
CCPR2                             0000001B
CCPR2H                            0000001C
CCPR2L                            0000001B
CHS0                              00000003
CHS1                              00000004
CHS2                              00000005
CIS                               00000003
CKE                               00000006
MPASM  5.42                            E1.ASM   4-27-2019  16:41:35         PAGE  5


SYMBOL TABLE
  LABEL                             VALUE 

CKP                               00000004
CM0                               00000000
CM1                               00000001
CM2                               00000002
CMCON                             0000009C
CMIE                              00000006
CMIF                              00000006
CREN                              00000004
CSRC                              00000007
CVR0                              00000000
CVR1                              00000001
CVR2                              00000002
CVR3                              00000003
CVRCON                            0000009D
CVREN                             00000007
CVROE                             00000006
CVRR                              00000005
D                                 00000005
DATA_ADDRESS                      00000005
DC                                00000001
D_A                               00000005
D_NOT_A                           00000005
EEADR                             0000010D
EEADRH                            0000010F
EECON1                            0000018C
EECON2                            0000018D
EEDATA                            0000010C
EEDATH                            0000010E
EEIE                              00000004
EEIF                              00000004
EEPGD                             00000007
F                                 00000001
FERR                              00000002
FSR                               00000004
GCEN                              00000007
GIE                               00000007
GO                                00000002
GO_DONE                           00000002
GO_NOT_DONE                       00000002
I2C_DATA                          00000005
I2C_READ                          00000002
I2C_START                         00000003
I2C_STOP                          00000004
INDF                              00000000
INTCON                            0000000B
INTE                              00000004
INTEDG                            00000006
INTF                              00000001
IRP                               00000007
ISR                               0000001D
N                                 00000020
NOT_A                             00000005
NOT_ADDRESS                       00000005
MPASM  5.42                            E1.ASM   4-27-2019  16:41:35         PAGE  6


SYMBOL TABLE
  LABEL                             VALUE 

NOT_BO                            00000000
NOT_BOR                           00000000
NOT_DONE                          00000002
NOT_PD                            00000003
NOT_POR                           00000001
NOT_RBPU                          00000007
NOT_RC8                           00000006
NOT_T1SYNC                        00000002
NOT_TO                            00000004
NOT_TX8                           00000006
NOT_W                             00000002
NOT_WRITE                         00000002
OERR                              00000001
OPTION_REG                        00000081
P                                 00000004
PCFG0                             00000000
PCFG1                             00000001
PCFG2                             00000002
PCFG3                             00000003
PCL                               00000002
PCLATH                            0000000A
PCON                              0000008E
PEIE                              00000006
PEN                               00000002
PIE1                              0000008C
PIE2                              0000008D
PIR1                              0000000C
PIR2                              0000000D
PORTA                             00000005
PORTB                             00000006
PORTC                             00000007
PR2                               00000092
PS0                               00000000
PS1                               00000001
PS2                               00000002
PSA                               00000003
R                                 00000002
RA0                               00000000
RA1                               00000001
RA2                               00000002
RA3                               00000003
RA4                               00000004
RA5                               00000005
RB0                               00000000
RB1                               00000001
RB2                               00000002
RB3                               00000003
RB4                               00000004
RB5                               00000005
RB6                               00000006
RB7                               00000007
RBIE                              00000003
RBIF                              00000000
MPASM  5.42                            E1.ASM   4-27-2019  16:41:35         PAGE  7


SYMBOL TABLE
  LABEL                             VALUE 

RC0                               00000000
RC1                               00000001
RC2                               00000002
RC3                               00000003
RC4                               00000004
RC5                               00000005
RC6                               00000006
RC7                               00000007
RC8_9                             00000006
RC9                               00000006
RCD8                              00000000
RCEN                              00000003
RCIE                              00000005
RCIF                              00000005
RCREG                             0000001A
RCSTA                             00000018
RD                                00000000
READ_WRITE                        00000002
RP0                               00000005
RP1                               00000006
RSEN                              00000001
RX9                               00000006
RX9D                              00000000
R_NOT_W                           00000002
R_W                               00000002
S                                 00000003
SEN                               00000000
SMP                               00000007
SPBRG                             00000099
SPEN                              00000007
SREN                              00000005
SSPADD                            00000093
SSPBUF                            00000013
SSPCON                            00000014
SSPCON2                           00000091
SSPEN                             00000005
SSPIE                             00000003
SSPIF                             00000003
SSPM0                             00000000
SSPM1                             00000001
SSPM2                             00000002
SSPM3                             00000003
SSPOV                             00000006
SSPSTAT                           00000094
STATUS                            00000003
SYNC                              00000004
T0CS                              00000005
T0IE                              00000005
T0IF                              00000002
T0SE                              00000004
T1CKPS0                           00000004
T1CKPS1                           00000005
T1CON                             00000010
MPASM  5.42                            E1.ASM   4-27-2019  16:41:35         PAGE  8


SYMBOL TABLE
  LABEL                             VALUE 

T1INSYNC                          00000002
T1OSCEN                           00000003
T1SYNC                            00000002
T2CKPS0                           00000000
T2CKPS1                           00000001
T2CON                             00000012
TMR0                              00000001
TMR0IE                            00000005
TMR0IF                            00000002
TMR1CS                            00000001
TMR1H                             0000000F
TMR1IE                            00000000
TMR1IF                            00000000
TMR1L                             0000000E
TMR1ON                            00000000
TMR2                              00000011
TMR2IE                            00000001
TMR2IF                            00000001
TMR2ON                            00000002
TOUTPS0                           00000003
TOUTPS1                           00000004
TOUTPS2                           00000005
TOUTPS3                           00000006
TRISA                             00000085
TRISA0                            00000000
TRISA1                            00000001
TRISA2                            00000002
TRISA3                            00000003
TRISA4                            00000004
TRISA5                            00000005
TRISB                             00000086
TRISB0                            00000000
TRISB1                            00000001
TRISB2                            00000002
TRISB3                            00000003
TRISB4                            00000004
TRISB5                            00000005
TRISB6                            00000006
TRISB7                            00000007
TRISC                             00000087
TRISC0                            00000000
TRISC1                            00000001
TRISC2                            00000002
TRISC3                            00000003
TRISC4                            00000004
TRISC5                            00000005
TRISC6                            00000006
TRISC7                            00000007
TRMT                              00000001
TX8_9                             00000006
TX9                               00000006
TX9D                              00000000
TXD8                              00000000
MPASM  5.42                            E1.ASM   4-27-2019  16:41:35         PAGE  9


SYMBOL TABLE
  LABEL                             VALUE 

TXEN                              00000005
TXIE                              00000004
TXIF                              00000004
TXREG                             00000019
TXSTA                             00000098
UA                                00000001
W                                 00000000
WCOL                              00000007
WR                                00000001
WREN                              00000002
WRERR                             00000003
Z                                 00000002
_BODEN_OFF                        00003FBF
_BODEN_ON                         00003FFF
_CONFIG                           00002007
_CPD_OFF                          00003FFF
_CPD_ON                           00003EFF
_CP_ALL                           00001FFF
_CP_OFF                           00003FFF
_DEBUG_OFF                        00003FFF
_DEBUG_ON                         000037FF
_DEVID1                           00002006
_HS_OSC                           00003FFE
_IDLOC0                           00002000
_IDLOC1                           00002001
_IDLOC2                           00002002
_IDLOC3                           00002003
_LP_OSC                           00003FFC
_LVP_OFF                          00003F7F
_LVP_ON                           00003FFF
_PWRTE_OFF                        00003FFF
_PWRTE_ON                         00003FF7
_RC_OSC                           00003FFF
_WDT_OFF                          00003FFB
_WDT_ON                           00003FFF
_WRT_1FOURTH                      00003BFF
_WRT_256                          00003DFF
_WRT_HALF                         000039FF
_WRT_OFF                          00003FFF
_XT_OSC                           00003FFD
__16F876A                         00000001
__DEBUG                           1
convertir_AN0                     00000030
convertir_AN2                     00000027
es1_0                             0000002B
es1_1                             00000034
inicio                            00000005
main                              0000001C
MPASM  5.42                            E1.ASM   4-27-2019  16:41:35         PAGE 10


MEMORY USAGE MAP ('X' = Used,  '-' = Unused)


0000 : X---XXXXXXXXXXXX XXXXXXXXXXXXXXXX XXXXXXXXXXXXXXXX XXXXXXXXX-------
2000 : -------X-------- ---------------- ---------------- ----------------

All other memory blocks unused.

Program Memory Words Used:    54
Program Memory Words Free:  8138


Errors   :     0
Warnings :     6 reported,     0 suppressed
Messages :    13 reported,     0 suppressed

