V3 119
FL D:/GIT/Universidad/Pracs_Hardware/Practica2_Picoblaze/P2A_HelloWorld/Project2A_HelloWorld/arithmatic.vhd 2002/08/16.08:24:50 P.20131013
FL D:/GIT/Universidad/Pracs_Hardware/Practica2_Picoblaze/P2A_HelloWorld/Project2A_HelloWorld/carry_flag_logic.vhd 2002/08/16.08:24:50 P.20131013
FL D:/GIT/Universidad/Pracs_Hardware/Practica2_Picoblaze/P2A_HelloWorld/Project2A_HelloWorld/interrupt_capture.vhd 2002/08/16.08:24:50 P.20131013
FL D:/GIT/Universidad/Pracs_Hardware/Practica2_Picoblaze/P2A_HelloWorld/Project2A_HelloWorld/interrupt_logic.vhd 2002/10/11.15:45:10 P.20131013
FL D:/GIT/Universidad/Pracs_Hardware/Practica2_Picoblaze/P2A_HelloWorld/Project2A_HelloWorld/IO_strobe_logic.vhd 2002/08/16.08:24:50 P.20131013
FL D:/GIT/Universidad/Pracs_Hardware/Practica2_Picoblaze/P2A_HelloWorld/Project2A_HelloWorld/logical_bus_processing.vhd 2002/08/16.08:24:50 P.20131013
FL D:/GIT/Universidad/Pracs_Hardware/Practica2_Picoblaze/P2A_HelloWorld/Project2A_HelloWorld/picoblaze.vhd 2002/12/16.13:05:22 P.20131013
FL D:/GIT/Universidad/Pracs_Hardware/Practica2_Picoblaze/P2A_HelloWorld/Project2A_HelloWorld/programa_helloworld.vhd 2020/10/22.17:35:13 P.20131013
EN work/programa_helloworld 1603988334 \
      FL D:/GIT/Universidad/Pracs_Hardware/Practica2_Picoblaze/P2A_HelloWorld/Project2A_HelloWorld/programa_helloworld.vhd \
      PB ieee/std_logic_1164 1381692176 PB ieee/STD_LOGIC_UNSIGNED 1381692179
AR work/programa_helloworld/v1 1603988335 \
      FL D:/GIT/Universidad/Pracs_Hardware/Practica2_Picoblaze/P2A_HelloWorld/Project2A_HelloWorld/programa_helloworld.vhd \
      EN work/programa_helloworld 1603988334
FL D:/GIT/Universidad/Pracs_Hardware/Practica2_Picoblaze/P2A_HelloWorld/Project2A_HelloWorld/program_counter.vhd 2002/08/16.08:24:50 P.20131013
FL D:/GIT/Universidad/Pracs_Hardware/Practica2_Picoblaze/P2A_HelloWorld/Project2A_HelloWorld/register_and_flag_enable.vhd 2002/10/17.10:19:42 P.20131013
FL D:/GIT/Universidad/Pracs_Hardware/Practica2_Picoblaze/P2A_HelloWorld/Project2A_HelloWorld/register_bank.vhd 2002/10/11.15:46:34 P.20131013
FL D:/GIT/Universidad/Pracs_Hardware/Practica2_Picoblaze/P2A_HelloWorld/Project2A_HelloWorld/shift_rotate.vhd 2002/08/16.08:24:50 P.20131013
FL D:/GIT/Universidad/Pracs_Hardware/Practica2_Picoblaze/P2A_HelloWorld/Project2A_HelloWorld/stack_counter.vhd 2002/10/11.15:48:06 P.20131013
FL D:/GIT/Universidad/Pracs_Hardware/Practica2_Picoblaze/P2A_HelloWorld/Project2A_HelloWorld/stack_ram.vhd 2002/10/11.15:49:02 P.20131013
FL D:/GIT/Universidad/Pracs_Hardware/Practica2_Picoblaze/P2A_HelloWorld/Project2A_HelloWorld/toplevel.vhd 2013/10/24.12:49:16 P.20131013
FL D:/GIT/Universidad/Pracs_Hardware/Practica2_Picoblaze/P2A_HelloWorld/Project2A_HelloWorld/T_state_and_Reset.vhd 2002/08/16.08:24:50 P.20131013
FL D:/GIT/Universidad/Pracs_Hardware/Practica2_Picoblaze/P2A_HelloWorld/Project2A_HelloWorld/zero_flag_logic.vhd 2002/08/16.08:24:50 P.20131013
FL D:/GIT/Universidad/Pracs_Hardware/Practica2_Picoblaze/P2B_HelloWorld_RAM_INT/Project2B_HelloWorld_RAM_INT/arithmatic.vhd 2002/08/16.08:24:50 P.20131013
FL D:/GIT/Universidad/Pracs_Hardware/Practica2_Picoblaze/P2B_HelloWorld_RAM_INT/Project2B_HelloWorld_RAM_INT/carry_flag_logic.vhd 2002/08/16.08:24:50 P.20131013
FL D:/GIT/Universidad/Pracs_Hardware/Practica2_Picoblaze/P2B_HelloWorld_RAM_INT/Project2B_HelloWorld_RAM_INT/interrupt_capture.vhd 2002/08/16.08:24:50 P.20131013
FL D:/GIT/Universidad/Pracs_Hardware/Practica2_Picoblaze/P2B_HelloWorld_RAM_INT/Project2B_HelloWorld_RAM_INT/interrupt_logic.vhd 2002/10/11.15:45:10 P.20131013
FL D:/GIT/Universidad/Pracs_Hardware/Practica2_Picoblaze/P2B_HelloWorld_RAM_INT/Project2B_HelloWorld_RAM_INT/IO_strobe_logic.vhd 2002/08/16.08:24:50 P.20131013
FL D:/GIT/Universidad/Pracs_Hardware/Practica2_Picoblaze/P2B_HelloWorld_RAM_INT/Project2B_HelloWorld_RAM_INT/logical_bus_processing.vhd 2002/08/16.08:24:50 P.20131013
FL D:/GIT/Universidad/Pracs_Hardware/Practica2_Picoblaze/P2B_HelloWorld_RAM_INT/Project2B_HelloWorld_RAM_INT/picoblaze.vhd 2002/12/16.13:05:22 P.20131013
FL D:/GIT/Universidad/Pracs_Hardware/Practica2_Picoblaze/P2B_HelloWorld_RAM_INT/Project2B_HelloWorld_RAM_INT/programa_helloworld_int.vhd 2020/10/29.19:01:37 P.20131013
EN work/programa_helloworld_int 1603994611 \
      FL D:/GIT/Universidad/Pracs_Hardware/Practica2_Picoblaze/P2B_HelloWorld_RAM_INT/Project2B_HelloWorld_RAM_INT/programa_helloworld_int.vhd \
      PB ieee/std_logic_1164 1381692176 PB ieee/STD_LOGIC_UNSIGNED 1381692179
AR work/programa_helloworld_int/v1 1603994612 \
      FL D:/GIT/Universidad/Pracs_Hardware/Practica2_Picoblaze/P2B_HelloWorld_RAM_INT/Project2B_HelloWorld_RAM_INT/programa_helloworld_int.vhd \
      EN work/programa_helloworld_int 1603994611
FL D:/GIT/Universidad/Pracs_Hardware/Practica2_Picoblaze/P2B_HelloWorld_RAM_INT/Project2B_HelloWorld_RAM_INT/program_counter.vhd 2002/08/16.08:24:50 P.20131013
FL D:/GIT/Universidad/Pracs_Hardware/Practica2_Picoblaze/P2B_HelloWorld_RAM_INT/Project2B_HelloWorld_RAM_INT/register_and_flag_enable.vhd 2002/10/17.10:19:42 P.20131013
FL D:/GIT/Universidad/Pracs_Hardware/Practica2_Picoblaze/P2B_HelloWorld_RAM_INT/Project2B_HelloWorld_RAM_INT/register_bank.vhd 2002/10/11.15:46:34 P.20131013
FL D:/GIT/Universidad/Pracs_Hardware/Practica2_Picoblaze/P2B_HelloWorld_RAM_INT/Project2B_HelloWorld_RAM_INT/shift_rotate.vhd 2002/08/16.08:24:50 P.20131013
FL D:/GIT/Universidad/Pracs_Hardware/Practica2_Picoblaze/P2B_HelloWorld_RAM_INT/Project2B_HelloWorld_RAM_INT/stack_counter.vhd 2002/10/11.15:48:06 P.20131013
FL D:/GIT/Universidad/Pracs_Hardware/Practica2_Picoblaze/P2B_HelloWorld_RAM_INT/Project2B_HelloWorld_RAM_INT/stack_ram.vhd 2002/10/11.15:49:02 P.20131013
FL D:/GIT/Universidad/Pracs_Hardware/Practica2_Picoblaze/P2B_HelloWorld_RAM_INT/Project2B_HelloWorld_RAM_INT/toplevel_helloworld_RAM_Int.vhd 2020/10/29.17:06:47 P.20131013
FL D:/GIT/Universidad/Pracs_Hardware/Practica2_Picoblaze/P2B_HelloWorld_RAM_INT/Project2B_HelloWorld_RAM_INT/T_state_and_Reset.vhd 2002/08/16.08:24:50 P.20131013
FL D:/GIT/Universidad/Pracs_Hardware/Practica2_Picoblaze/P2B_HelloWorld_RAM_INT/Project2B_HelloWorld_RAM_INT/zero_flag_logic.vhd 2002/08/16.08:24:50 P.20131013
FL D:/GIT/Universidad/Pracs_Hardware/Practica2_Picoblaze/P2C_HelloWorld_RAM_INT_FLIP/Project2C_HelloWorld_RAM_INT_FLIP/arithmatic.vhd 2020/11/26.18:40:49 P.20131013
EN work/arithmetic_process 1608364238 \
      FL D:/GIT/Universidad/Pracs_Hardware/Practica2_Picoblaze/P2C_HelloWorld_RAM_INT_FLIP/Project2C_HelloWorld_RAM_INT_FLIP/arithmatic.vhd \
      PB ieee/std_logic_1164 1381692176 PB ieee/std_logic_arith 1381692177 \
      PB ieee/STD_LOGIC_UNSIGNED 1381692179
AR work/arithmetic_process/low_level_definition 1608364239 \
      FL D:/GIT/Universidad/Pracs_Hardware/Practica2_Picoblaze/P2C_HelloWorld_RAM_INT_FLIP/Project2C_HelloWorld_RAM_INT_FLIP/arithmatic.vhd \
      EN work/arithmetic_process 1608364238 CP addsub8
EN work/addsub8 1608364240 \
      FL D:/GIT/Universidad/Pracs_Hardware/Practica2_Picoblaze/P2C_HelloWorld_RAM_INT_FLIP/Project2C_HelloWorld_RAM_INT_FLIP/arithmatic.vhd \
      PB ieee/std_logic_1164 1381692176 PB ieee/std_logic_arith 1381692177 \
      PB ieee/STD_LOGIC_UNSIGNED 1381692179
AR work/addsub8/low_level_definition 1608364241 \
      FL D:/GIT/Universidad/Pracs_Hardware/Practica2_Picoblaze/P2C_HelloWorld_RAM_INT_FLIP/Project2C_HelloWorld_RAM_INT_FLIP/arithmatic.vhd \
      EN work/addsub8 1608364240
FL D:/GIT/Universidad/Pracs_Hardware/Practica2_Picoblaze/P2C_HelloWorld_RAM_INT_FLIP/Project2C_HelloWorld_RAM_INT_FLIP/carry_flag_logic.vhd 2002/08/16.08:24:50 P.20131013
EN work/carry_flag_logic 1608364252 \
      FL D:/GIT/Universidad/Pracs_Hardware/Practica2_Picoblaze/P2C_HelloWorld_RAM_INT_FLIP/Project2C_HelloWorld_RAM_INT_FLIP/carry_flag_logic.vhd \
      PB ieee/std_logic_1164 1381692176 PB ieee/std_logic_arith 1381692177 \
      PB ieee/STD_LOGIC_UNSIGNED 1381692179
AR work/carry_flag_logic/low_level_definition 1608364253 \
      FL D:/GIT/Universidad/Pracs_Hardware/Practica2_Picoblaze/P2C_HelloWorld_RAM_INT_FLIP/Project2C_HelloWorld_RAM_INT_FLIP/carry_flag_logic.vhd \
      EN work/carry_flag_logic 1608364252
FL D:/GIT/Universidad/Pracs_Hardware/Practica2_Picoblaze/P2C_HelloWorld_RAM_INT_FLIP/Project2C_HelloWorld_RAM_INT_FLIP/flip.vhd 2020/11/26.18:43:21 P.20131013
EN work/flip 1608364244 \
      FL D:/GIT/Universidad/Pracs_Hardware/Practica2_Picoblaze/P2C_HelloWorld_RAM_INT_FLIP/Project2C_HelloWorld_RAM_INT_FLIP/flip.vhd \
      PB ieee/std_logic_1164 1381692176 PB ieee/std_logic_arith 1381692177 \
      PB ieee/STD_LOGIC_UNSIGNED 1381692179
AR work/flip/low_level_definition 1608364245 \
      FL D:/GIT/Universidad/Pracs_Hardware/Practica2_Picoblaze/P2C_HelloWorld_RAM_INT_FLIP/Project2C_HelloWorld_RAM_INT_FLIP/flip.vhd \
      EN work/flip 1608364244
FL D:/GIT/Universidad/Pracs_Hardware/Practica2_Picoblaze/P2C_HelloWorld_RAM_INT_FLIP/Project2C_HelloWorld_RAM_INT_FLIP/interrupt_capture.vhd 2002/08/16.08:24:50 P.20131013
EN work/interrupt_capture 1608364268 \
      FL D:/GIT/Universidad/Pracs_Hardware/Practica2_Picoblaze/P2C_HelloWorld_RAM_INT_FLIP/Project2C_HelloWorld_RAM_INT_FLIP/interrupt_capture.vhd \
      PB ieee/std_logic_1164 1381692176 PB ieee/std_logic_arith 1381692177 \
      PB ieee/STD_LOGIC_UNSIGNED 1381692179
AR work/interrupt_capture/low_level_definition 1608364269 \
      FL D:/GIT/Universidad/Pracs_Hardware/Practica2_Picoblaze/P2C_HelloWorld_RAM_INT_FLIP/Project2C_HelloWorld_RAM_INT_FLIP/interrupt_capture.vhd \
      EN work/interrupt_capture 1608364268
FL D:/GIT/Universidad/Pracs_Hardware/Practica2_Picoblaze/P2C_HelloWorld_RAM_INT_FLIP/Project2C_HelloWorld_RAM_INT_FLIP/interrupt_logic.vhd 2002/10/11.15:45:10 P.20131013
EN work/interrupt_logic 1608364270 \
      FL D:/GIT/Universidad/Pracs_Hardware/Practica2_Picoblaze/P2C_HelloWorld_RAM_INT_FLIP/Project2C_HelloWorld_RAM_INT_FLIP/interrupt_logic.vhd \
      PB ieee/std_logic_1164 1381692176 PB ieee/std_logic_arith 1381692177 \
      PB ieee/STD_LOGIC_UNSIGNED 1381692179
AR work/interrupt_logic/low_level_definition 1608364271 \
      FL D:/GIT/Universidad/Pracs_Hardware/Practica2_Picoblaze/P2C_HelloWorld_RAM_INT_FLIP/Project2C_HelloWorld_RAM_INT_FLIP/interrupt_logic.vhd \
      EN work/interrupt_logic 1608364270
FL D:/GIT/Universidad/Pracs_Hardware/Practica2_Picoblaze/P2C_HelloWorld_RAM_INT_FLIP/Project2C_HelloWorld_RAM_INT_FLIP/IO_strobe_logic.vhd 2002/08/16.08:24:50 P.20131013
EN work/IO_strobe_logic 1608364236 \
      FL D:/GIT/Universidad/Pracs_Hardware/Practica2_Picoblaze/P2C_HelloWorld_RAM_INT_FLIP/Project2C_HelloWorld_RAM_INT_FLIP/IO_strobe_logic.vhd \
      PB ieee/std_logic_1164 1381692176 PB ieee/std_logic_arith 1381692177 \
      PB ieee/STD_LOGIC_UNSIGNED 1381692179 LB unisim PH unisim/VCOMPONENTS 1381692182
AR work/IO_strobe_logic/low_level_definition 1608364237 \
      FL D:/GIT/Universidad/Pracs_Hardware/Practica2_Picoblaze/P2C_HelloWorld_RAM_INT_FLIP/Project2C_HelloWorld_RAM_INT_FLIP/IO_strobe_logic.vhd \
      EN work/IO_strobe_logic 1608364236
FL D:/GIT/Universidad/Pracs_Hardware/Practica2_Picoblaze/P2C_HelloWorld_RAM_INT_FLIP/Project2C_HelloWorld_RAM_INT_FLIP/logical_bus_processing.vhd 2020/11/26.18:43:20 P.20131013
EN work/logical_bus_processing 1608364246 \
      FL D:/GIT/Universidad/Pracs_Hardware/Practica2_Picoblaze/P2C_HelloWorld_RAM_INT_FLIP/Project2C_HelloWorld_RAM_INT_FLIP/logical_bus_processing.vhd \
      PB ieee/std_logic_1164 1381692176 PB ieee/std_logic_arith 1381692177 \
      PB ieee/STD_LOGIC_UNSIGNED 1381692179
AR work/logical_bus_processing/low_level_definition 1608364247 \
      FL D:/GIT/Universidad/Pracs_Hardware/Practica2_Picoblaze/P2C_HelloWorld_RAM_INT_FLIP/Project2C_HelloWorld_RAM_INT_FLIP/logical_bus_processing.vhd \
      EN work/logical_bus_processing 1608364246
FL D:/GIT/Universidad/Pracs_Hardware/Practica2_Picoblaze/P2C_HelloWorld_RAM_INT_FLIP/Project2C_HelloWorld_RAM_INT_FLIP/picoblaze.vhd 2020/11/26.18:40:48 P.20131013
EN work/picoblaze 1608364272 \
      FL D:/GIT/Universidad/Pracs_Hardware/Practica2_Picoblaze/P2C_HelloWorld_RAM_INT_FLIP/Project2C_HelloWorld_RAM_INT_FLIP/picoblaze.vhd \
      PB ieee/std_logic_1164 1381692176 PB ieee/std_logic_arith 1381692177 \
      PB ieee/STD_LOGIC_UNSIGNED 1381692179
AR work/picoblaze/Behavioral 1608364273 \
      FL D:/GIT/Universidad/Pracs_Hardware/Practica2_Picoblaze/P2C_HelloWorld_RAM_INT_FLIP/Project2C_HelloWorld_RAM_INT_FLIP/picoblaze.vhd \
      EN work/picoblaze 1608364272 CP IO_strobe_logic CP arithmetic_process \
      CP shift_rotate CP flip CP logical_bus_processing CP T_state_and_Reset \
      CP register_and_flag_enable CP carry_flag_logic CP zero_flag_logic \
      CP program_counter CP register_bank CP stack_ram CP stack_counter \
      CP interrupt_capture CP interrupt_logic
FL D:/GIT/Universidad/Pracs_Hardware/Practica2_Picoblaze/P2C_HelloWorld_RAM_INT_FLIP/Project2C_HelloWorld_RAM_INT_FLIP/programa_helloworld_int_FLIP.vhd 2020/11/05.18:16:11 P.20131013
EN work/programa_helloworld_int_FLIP 1608364274 \
      FL D:/GIT/Universidad/Pracs_Hardware/Practica2_Picoblaze/P2C_HelloWorld_RAM_INT_FLIP/Project2C_HelloWorld_RAM_INT_FLIP/programa_helloworld_int_FLIP.vhd \
      PB ieee/std_logic_1164 1381692176 PB ieee/STD_LOGIC_UNSIGNED 1381692179
AR work/programa_helloworld_int_FLIP/v1 1608364275 \
      FL D:/GIT/Universidad/Pracs_Hardware/Practica2_Picoblaze/P2C_HelloWorld_RAM_INT_FLIP/Project2C_HelloWorld_RAM_INT_FLIP/programa_helloworld_int_FLIP.vhd \
      EN work/programa_helloworld_int_FLIP 1608364274
FL D:/GIT/Universidad/Pracs_Hardware/Practica2_Picoblaze/P2C_HelloWorld_RAM_INT_FLIP/Project2C_HelloWorld_RAM_INT_FLIP/program_counter.vhd 2020/11/26.18:52:30 P.20131013
EN work/program_counter 1608364256 \
      FL D:/GIT/Universidad/Pracs_Hardware/Practica2_Picoblaze/P2C_HelloWorld_RAM_INT_FLIP/Project2C_HelloWorld_RAM_INT_FLIP/program_counter.vhd \
      PB ieee/std_logic_1164 1381692176 PB ieee/std_logic_arith 1381692177 \
      PB ieee/STD_LOGIC_UNSIGNED 1381692179
AR work/program_counter/low_level_definition 1608364257 \
      FL D:/GIT/Universidad/Pracs_Hardware/Practica2_Picoblaze/P2C_HelloWorld_RAM_INT_FLIP/Project2C_HelloWorld_RAM_INT_FLIP/program_counter.vhd \
      EN work/program_counter 1608364256
FL D:/GIT/Universidad/Pracs_Hardware/Practica2_Picoblaze/P2C_HelloWorld_RAM_INT_FLIP/Project2C_HelloWorld_RAM_INT_FLIP/register_and_flag_enable.vhd 2020/11/05.19:00:04 P.20131013
EN work/register_and_flag_enable 1608364250 \
      FL D:/GIT/Universidad/Pracs_Hardware/Practica2_Picoblaze/P2C_HelloWorld_RAM_INT_FLIP/Project2C_HelloWorld_RAM_INT_FLIP/register_and_flag_enable.vhd \
      PB ieee/std_logic_1164 1381692176 PB ieee/std_logic_arith 1381692177 \
      PB ieee/STD_LOGIC_UNSIGNED 1381692179
AR work/register_and_flag_enable/low_level_definition 1608364251 \
      FL D:/GIT/Universidad/Pracs_Hardware/Practica2_Picoblaze/P2C_HelloWorld_RAM_INT_FLIP/Project2C_HelloWorld_RAM_INT_FLIP/register_and_flag_enable.vhd \
      EN work/register_and_flag_enable 1608364250
FL D:/GIT/Universidad/Pracs_Hardware/Practica2_Picoblaze/P2C_HelloWorld_RAM_INT_FLIP/Project2C_HelloWorld_RAM_INT_FLIP/register_bank.vhd 2020/11/26.18:51:14 P.20131013
EN work/register_bank 1608364258 \
      FL D:/GIT/Universidad/Pracs_Hardware/Practica2_Picoblaze/P2C_HelloWorld_RAM_INT_FLIP/Project2C_HelloWorld_RAM_INT_FLIP/register_bank.vhd \
      PB ieee/std_logic_1164 1381692176 PB ieee/std_logic_arith 1381692177 \
      PB ieee/STD_LOGIC_UNSIGNED 1381692179
AR work/register_bank/Behavioral 1608364259 \
      FL D:/GIT/Universidad/Pracs_Hardware/Practica2_Picoblaze/P2C_HelloWorld_RAM_INT_FLIP/Project2C_HelloWorld_RAM_INT_FLIP/register_bank.vhd \
      EN work/register_bank 1608364258 CP ram_Nx1
EN work/ram_Nx1 1608364260 \
      FL D:/GIT/Universidad/Pracs_Hardware/Practica2_Picoblaze/P2C_HelloWorld_RAM_INT_FLIP/Project2C_HelloWorld_RAM_INT_FLIP/register_bank.vhd \
      PB ieee/std_logic_1164 1381692176 PB ieee/std_logic_arith 1381692177 \
      PB ieee/STD_LOGIC_UNSIGNED 1381692179
AR work/ram_Nx1/Behavioral 1608364261 \
      FL D:/GIT/Universidad/Pracs_Hardware/Practica2_Picoblaze/P2C_HelloWorld_RAM_INT_FLIP/Project2C_HelloWorld_RAM_INT_FLIP/register_bank.vhd \
      EN work/ram_Nx1 1608364260
FL D:/GIT/Universidad/Pracs_Hardware/Practica2_Picoblaze/P2C_HelloWorld_RAM_INT_FLIP/Project2C_HelloWorld_RAM_INT_FLIP/shift_rotate.vhd 2020/11/26.18:41:58 P.20131013
EN work/shift_rotate 1608364242 \
      FL D:/GIT/Universidad/Pracs_Hardware/Practica2_Picoblaze/P2C_HelloWorld_RAM_INT_FLIP/Project2C_HelloWorld_RAM_INT_FLIP/shift_rotate.vhd \
      PB ieee/std_logic_1164 1381692176 PB ieee/std_logic_arith 1381692177 \
      PB ieee/STD_LOGIC_UNSIGNED 1381692179
AR work/shift_rotate/low_level_definition 1608364243 \
      FL D:/GIT/Universidad/Pracs_Hardware/Practica2_Picoblaze/P2C_HelloWorld_RAM_INT_FLIP/Project2C_HelloWorld_RAM_INT_FLIP/shift_rotate.vhd \
      EN work/shift_rotate 1608364242
FL D:/GIT/Universidad/Pracs_Hardware/Practica2_Picoblaze/P2C_HelloWorld_RAM_INT_FLIP/Project2C_HelloWorld_RAM_INT_FLIP/stack_counter.vhd 2002/10/11.15:48:06 P.20131013
EN work/stack_counter 1608364266 \
      FL D:/GIT/Universidad/Pracs_Hardware/Practica2_Picoblaze/P2C_HelloWorld_RAM_INT_FLIP/Project2C_HelloWorld_RAM_INT_FLIP/stack_counter.vhd \
      PB ieee/std_logic_1164 1381692176 PB ieee/std_logic_arith 1381692177 \
      PB ieee/STD_LOGIC_UNSIGNED 1381692179
AR work/stack_counter/low_level_definition 1608364267 \
      FL D:/GIT/Universidad/Pracs_Hardware/Practica2_Picoblaze/P2C_HelloWorld_RAM_INT_FLIP/Project2C_HelloWorld_RAM_INT_FLIP/stack_counter.vhd \
      EN work/stack_counter 1608364266
FL D:/GIT/Universidad/Pracs_Hardware/Practica2_Picoblaze/P2C_HelloWorld_RAM_INT_FLIP/Project2C_HelloWorld_RAM_INT_FLIP/stack_ram.vhd 2002/10/11.15:49:02 P.20131013
EN work/stack_ram 1608364262 \
      FL D:/GIT/Universidad/Pracs_Hardware/Practica2_Picoblaze/P2C_HelloWorld_RAM_INT_FLIP/Project2C_HelloWorld_RAM_INT_FLIP/stack_ram.vhd \
      PB ieee/std_logic_1164 1381692176 PB ieee/std_logic_arith 1381692177 \
      PB ieee/STD_LOGIC_UNSIGNED 1381692179
AR work/stack_ram/low_level_definition 1608364263 \
      FL D:/GIT/Universidad/Pracs_Hardware/Practica2_Picoblaze/P2C_HelloWorld_RAM_INT_FLIP/Project2C_HelloWorld_RAM_INT_FLIP/stack_ram.vhd \
      EN work/stack_ram 1608364262 CP ram_x1s
EN work/ram_x1s 1608364264 \
      FL D:/GIT/Universidad/Pracs_Hardware/Practica2_Picoblaze/P2C_HelloWorld_RAM_INT_FLIP/Project2C_HelloWorld_RAM_INT_FLIP/stack_ram.vhd \
      PB ieee/std_logic_1164 1381692176 PB ieee/std_logic_arith 1381692177 \
      PB ieee/STD_LOGIC_UNSIGNED 1381692179
AR work/ram_x1s/Behavioral 1608364265 \
      FL D:/GIT/Universidad/Pracs_Hardware/Practica2_Picoblaze/P2C_HelloWorld_RAM_INT_FLIP/Project2C_HelloWorld_RAM_INT_FLIP/stack_ram.vhd \
      EN work/ram_x1s 1608364264
FL D:/GIT/Universidad/Pracs_Hardware/Practica2_Picoblaze/P2C_HelloWorld_RAM_INT_FLIP/Project2C_HelloWorld_RAM_INT_FLIP/toplevel_helloworld_RAM_Int.vhd 2020/11/05.18:57:24 P.20131013
EN work/toplevel 1608364276 \
      FL D:/GIT/Universidad/Pracs_Hardware/Practica2_Picoblaze/P2C_HelloWorld_RAM_INT_FLIP/Project2C_HelloWorld_RAM_INT_FLIP/toplevel_helloworld_RAM_Int.vhd \
      PB ieee/std_logic_1164 1381692176 PB ieee/NUMERIC_STD 1381692181
AR work/toplevel/behavioral 1608364277 \
      FL D:/GIT/Universidad/Pracs_Hardware/Practica2_Picoblaze/P2C_HelloWorld_RAM_INT_FLIP/Project2C_HelloWorld_RAM_INT_FLIP/toplevel_helloworld_RAM_Int.vhd \
      EN work/toplevel 1608364276 CP picoblaze CP programa_helloworld_int_FLIP
FL D:/GIT/Universidad/Pracs_Hardware/Practica2_Picoblaze/P2C_HelloWorld_RAM_INT_FLIP/Project2C_HelloWorld_RAM_INT_FLIP/T_state_and_Reset.vhd 2002/08/16.08:24:50 P.20131013
EN work/T_state_and_Reset 1608364248 \
      FL D:/GIT/Universidad/Pracs_Hardware/Practica2_Picoblaze/P2C_HelloWorld_RAM_INT_FLIP/Project2C_HelloWorld_RAM_INT_FLIP/T_state_and_Reset.vhd \
      PB ieee/std_logic_1164 1381692176 PB ieee/std_logic_arith 1381692177 \
      PB ieee/STD_LOGIC_UNSIGNED 1381692179
AR work/T_state_and_Reset/low_level_definition 1608364249 \
      FL D:/GIT/Universidad/Pracs_Hardware/Practica2_Picoblaze/P2C_HelloWorld_RAM_INT_FLIP/Project2C_HelloWorld_RAM_INT_FLIP/T_state_and_Reset.vhd \
      EN work/T_state_and_Reset 1608364248
FL D:/GIT/Universidad/Pracs_Hardware/Practica2_Picoblaze/P2C_HelloWorld_RAM_INT_FLIP/Project2C_HelloWorld_RAM_INT_FLIP/zero_flag_logic.vhd 2020/11/26.18:45:27 P.20131013
EN work/zero_flag_logic 1608364254 \
      FL D:/GIT/Universidad/Pracs_Hardware/Practica2_Picoblaze/P2C_HelloWorld_RAM_INT_FLIP/Project2C_HelloWorld_RAM_INT_FLIP/zero_flag_logic.vhd \
      PB ieee/std_logic_1164 1381692176 PB ieee/std_logic_arith 1381692177 \
      PB ieee/STD_LOGIC_UNSIGNED 1381692179
AR work/zero_flag_logic/low_level_definition 1608364255 \
      FL D:/GIT/Universidad/Pracs_Hardware/Practica2_Picoblaze/P2C_HelloWorld_RAM_INT_FLIP/Project2C_HelloWorld_RAM_INT_FLIP/zero_flag_logic.vhd \
      EN work/zero_flag_logic 1608364254
