MPLINK 4.40, Linker
Linker Map File - Created Sat Apr 27 18:30:47 2019

                                 Section Info
                  Section       Type    Address   Location Size(Bytes)
                ---------  ---------  ---------  ---------  ---------
                   .org_0       code   0x000000    program   0x000000
                   .org_1       code   0x000000    program   0x000002
                   .org_2       code   0x000004    program   0x000002
                   .org_3       code   0x000005    program   0x0000de
        .config_2007_E3.O       code   0x002007    program   0x000002



                              Program Memory Usage 
                               Start         End      
                           ---------   ---------      
                            0x000000    0x000000      
                            0x000004    0x000073      
                            0x002007    0x002007      
            114 out of 8454 program addresses used, program memory utilization is 1%



                              Symbols - Sorted by Name
                     Name    Address   Location    Storage File                     
                ---------  ---------  ---------  --------- ---------                
                      ISR   0x00003a    program     static D:\Universidad\2º GIT\Microprocesadores\Practica5\E3.asm
                 ISR_RCIF   0x00003d    program     static D:\Universidad\2º GIT\Microprocesadores\Practica5\E3.asm
                 ISR_TXIF   0x000050    program     static D:\Universidad\2º GIT\Microprocesadores\Practica5\E3.asm
            comparar_paso   0x000050    program     static D:\Universidad\2º GIT\Microprocesadores\Practica5\E3.asm
            enviar_LAB5_1   0x000063    program     static D:\Universidad\2º GIT\Microprocesadores\Practica5\E3.asm
            enviar_LAB5_2   0x000069    program     static D:\Universidad\2º GIT\Microprocesadores\Practica5\E3.asm
           enviar_LAB5_er   0x00005d    program     static D:\Universidad\2º GIT\Microprocesadores\Practica5\E3.asm
             guarda_dato1   0x000059    program     static D:\Universidad\2º GIT\Microprocesadores\Practica5\E3.asm
            habilita_txie   0x00006f    program     static D:\Universidad\2º GIT\Microprocesadores\Practica5\E3.asm
                   inicio   0x000005    program     static D:\Universidad\2º GIT\Microprocesadores\Practica5\E3.asm
                     main   0x000039    program     static D:\Universidad\2º GIT\Microprocesadores\Practica5\E3.asm



                              Symbols - Sorted by Address
                     Name    Address   Location    Storage File                     
                ---------  ---------  ---------  --------- ---------                
                   inicio   0x000005    program     static D:\Universidad\2º GIT\Microprocesadores\Practica5\E3.asm
                     main   0x000039    program     static D:\Universidad\2º GIT\Microprocesadores\Practica5\E3.asm
                      ISR   0x00003a    program     static D:\Universidad\2º GIT\Microprocesadores\Practica5\E3.asm
                 ISR_RCIF   0x00003d    program     static D:\Universidad\2º GIT\Microprocesadores\Practica5\E3.asm
                 ISR_TXIF   0x000050    program     static D:\Universidad\2º GIT\Microprocesadores\Practica5\E3.asm
            comparar_paso   0x000050    program     static D:\Universidad\2º GIT\Microprocesadores\Practica5\E3.asm
             guarda_dato1   0x000059    program     static D:\Universidad\2º GIT\Microprocesadores\Practica5\E3.asm
           enviar_LAB5_er   0x00005d    program     static D:\Universidad\2º GIT\Microprocesadores\Practica5\E3.asm
            enviar_LAB5_1   0x000063    program     static D:\Universidad\2º GIT\Microprocesadores\Practica5\E3.asm
            enviar_LAB5_2   0x000069    program     static D:\Universidad\2º GIT\Microprocesadores\Practica5\E3.asm
            habilita_txie   0x00006f    program     static D:\Universidad\2º GIT\Microprocesadores\Practica5\E3.asm


